Archive member included to satisfy reference by file (symbol)

C:/ST/STM32CubeIDE_1.14.0/STM32CubeIDE/plugins/com.st.stm32cube.ide.mcu.externaltools.gnu-tools-for-stm32.11.3.rel1.win32_1.1.100.202309141235/tools/bin/../lib/gcc/arm-none-eabi/11.3.1/../../../../arm-none-eabi/lib/thumb/v7-m/nofp\libc_nano.a(libc_a-exit.o)
                              C:/ST/STM32CubeIDE_1.14.0/STM32CubeIDE/plugins/com.st.stm32cube.ide.mcu.externaltools.gnu-tools-for-stm32.11.3.rel1.win32_1.1.100.202309141235/tools/bin/../lib/gcc/arm-none-eabi/11.3.1/../../../../arm-none-eabi/lib/thumb/v7-m/nofp/crt0.o (exit)
C:/ST/STM32CubeIDE_1.14.0/STM32CubeIDE/plugins/com.st.stm32cube.ide.mcu.externaltools.gnu-tools-for-stm32.11.3.rel1.win32_1.1.100.202309141235/tools/bin/../lib/gcc/arm-none-eabi/11.3.1/../../../../arm-none-eabi/lib/thumb/v7-m/nofp\libc_nano.a(libc_a-findfp.o)
                              C:/ST/STM32CubeIDE_1.14.0/STM32CubeIDE/plugins/com.st.stm32cube.ide.mcu.externaltools.gnu-tools-for-stm32.11.3.rel1.win32_1.1.100.202309141235/tools/bin/../lib/gcc/arm-none-eabi/11.3.1/../../../../arm-none-eabi/lib/thumb/v7-m/nofp\libc_nano.a(libc_a-exit.o) (__stdio_exit_handler)
C:/ST/STM32CubeIDE_1.14.0/STM32CubeIDE/plugins/com.st.stm32cube.ide.mcu.externaltools.gnu-tools-for-stm32.11.3.rel1.win32_1.1.100.202309141235/tools/bin/../lib/gcc/arm-none-eabi/11.3.1/../../../../arm-none-eabi/lib/thumb/v7-m/nofp\libc_nano.a(libc_a-fwalk.o)
                              C:/ST/STM32CubeIDE_1.14.0/STM32CubeIDE/plugins/com.st.stm32cube.ide.mcu.externaltools.gnu-tools-for-stm32.11.3.rel1.win32_1.1.100.202309141235/tools/bin/../lib/gcc/arm-none-eabi/11.3.1/../../../../arm-none-eabi/lib/thumb/v7-m/nofp\libc_nano.a(libc_a-findfp.o) (_fwalk_sglue)
C:/ST/STM32CubeIDE_1.14.0/STM32CubeIDE/plugins/com.st.stm32cube.ide.mcu.externaltools.gnu-tools-for-stm32.11.3.rel1.win32_1.1.100.202309141235/tools/bin/../lib/gcc/arm-none-eabi/11.3.1/../../../../arm-none-eabi/lib/thumb/v7-m/nofp\libc_nano.a(libc_a-stdio.o)
                              C:/ST/STM32CubeIDE_1.14.0/STM32CubeIDE/plugins/com.st.stm32cube.ide.mcu.externaltools.gnu-tools-for-stm32.11.3.rel1.win32_1.1.100.202309141235/tools/bin/../lib/gcc/arm-none-eabi/11.3.1/../../../../arm-none-eabi/lib/thumb/v7-m/nofp\libc_nano.a(libc_a-findfp.o) (__sread)
C:/ST/STM32CubeIDE_1.14.0/STM32CubeIDE/plugins/com.st.stm32cube.ide.mcu.externaltools.gnu-tools-for-stm32.11.3.rel1.win32_1.1.100.202309141235/tools/bin/../lib/gcc/arm-none-eabi/11.3.1/../../../../arm-none-eabi/lib/thumb/v7-m/nofp\libc_nano.a(libc_a-memset.o)
                              C:/ST/STM32CubeIDE_1.14.0/STM32CubeIDE/plugins/com.st.stm32cube.ide.mcu.externaltools.gnu-tools-for-stm32.11.3.rel1.win32_1.1.100.202309141235/tools/bin/../lib/gcc/arm-none-eabi/11.3.1/../../../../arm-none-eabi/lib/thumb/v7-m/nofp/crt0.o (memset)
C:/ST/STM32CubeIDE_1.14.0/STM32CubeIDE/plugins/com.st.stm32cube.ide.mcu.externaltools.gnu-tools-for-stm32.11.3.rel1.win32_1.1.100.202309141235/tools/bin/../lib/gcc/arm-none-eabi/11.3.1/../../../../arm-none-eabi/lib/thumb/v7-m/nofp\libc_nano.a(libc_a-closer.o)
                              C:/ST/STM32CubeIDE_1.14.0/STM32CubeIDE/plugins/com.st.stm32cube.ide.mcu.externaltools.gnu-tools-for-stm32.11.3.rel1.win32_1.1.100.202309141235/tools/bin/../lib/gcc/arm-none-eabi/11.3.1/../../../../arm-none-eabi/lib/thumb/v7-m/nofp\libc_nano.a(libc_a-stdio.o) (_close_r)
C:/ST/STM32CubeIDE_1.14.0/STM32CubeIDE/plugins/com.st.stm32cube.ide.mcu.externaltools.gnu-tools-for-stm32.11.3.rel1.win32_1.1.100.202309141235/tools/bin/../lib/gcc/arm-none-eabi/11.3.1/../../../../arm-none-eabi/lib/thumb/v7-m/nofp\libc_nano.a(libc_a-reent.o)
                              C:/ST/STM32CubeIDE_1.14.0/STM32CubeIDE/plugins/com.st.stm32cube.ide.mcu.externaltools.gnu-tools-for-stm32.11.3.rel1.win32_1.1.100.202309141235/tools/bin/../lib/gcc/arm-none-eabi/11.3.1/../../../../arm-none-eabi/lib/thumb/v7-m/nofp\libc_nano.a(libc_a-closer.o) (errno)
C:/ST/STM32CubeIDE_1.14.0/STM32CubeIDE/plugins/com.st.stm32cube.ide.mcu.externaltools.gnu-tools-for-stm32.11.3.rel1.win32_1.1.100.202309141235/tools/bin/../lib/gcc/arm-none-eabi/11.3.1/../../../../arm-none-eabi/lib/thumb/v7-m/nofp\libc_nano.a(libc_a-impure.o)
                              C:/ST/STM32CubeIDE_1.14.0/STM32CubeIDE/plugins/com.st.stm32cube.ide.mcu.externaltools.gnu-tools-for-stm32.11.3.rel1.win32_1.1.100.202309141235/tools/bin/../lib/gcc/arm-none-eabi/11.3.1/../../../../arm-none-eabi/lib/thumb/v7-m/nofp\libc_nano.a(libc_a-reent.o) (_impure_ptr)
C:/ST/STM32CubeIDE_1.14.0/STM32CubeIDE/plugins/com.st.stm32cube.ide.mcu.externaltools.gnu-tools-for-stm32.11.3.rel1.win32_1.1.100.202309141235/tools/bin/../lib/gcc/arm-none-eabi/11.3.1/../../../../arm-none-eabi/lib/thumb/v7-m/nofp\libc_nano.a(libc_a-lseekr.o)
[...]
Memory Configuration

Name             Origin             Length             Attributes
RAM              0x0000000020000000 0x0000000000005000 xrw
FLASH            0x0000000008000000 0x0000000000010000 xr
*default*        0x0000000000000000 0xffffffffffffffff

Linker script and memory map

LOAD C:/ST/STM32CubeIDE_1.14.0/STM32CubeIDE/plugins/com.st.stm32cube.ide.mcu.externaltools.gnu-tools-for-stm32.11.3.rel1.win32_1.1.100.202309141235/tools/bin/../lib/gcc/arm-none-eabi/11.3.1/thumb/v7-m/nofp/crti.o
LOAD C:/ST/STM32CubeIDE_1.14.0/STM32CubeIDE/plugins/com.st.stm32cube.ide.mcu.externaltools.gnu-tools-for-stm32.11.3.rel1.win32_1.1.100.202309141235/tools/bin/../lib/gcc/arm-none-eabi/11.3.1/thumb/v7-m/nofp/crtbegin.o
LOAD C:/ST/STM32CubeIDE_1.14.0/STM32CubeIDE/plugins/com.st.stm32cube.ide.mcu.externaltools.gnu-tools-for-stm32.11.3.rel1.win32_1.1.100.202309141235/tools/bin/../lib/gcc/arm-none-eabi/11.3.1/../../../../arm-none-eabi/lib/thumb/v7-m/nofp/crt0.o
LOAD ./Src/02-MCAL/01-RCC/RCC_program.o
LOAD ./Src/02-MCAL/02-GPIO/GPIO_program.o
LOAD ./Src/02-MCAL/03-NVIC/NVIC_program.o
LOAD ./Src/02-MCAL/04-EXTI/EXTI_program.o
LOAD ./Src/02-MCAL/05-AFIO/AFIO_program.o
LOAD ./Src/02-MCAL/06-STK/STK_program.o
LOAD ./Src/02-MCAL/07-UART/UART_program.o
LOAD ./Src/02-MCAL/08-CAN/CAN_program.o
LOAD ./Src/02-MCAL/09-I2C/I2C_program.o
LOAD ./Src/02-MCAL/10-DMA/DMA_program.o
LOAD ./Src/App.o
LOAD ./Src/main.o
LOAD ./Src/syscalls.o
LOAD ./Src/sysmem.o
LOAD ./Startup/startup_stm32f103c8tx.o
START GROUP
LOAD C:/ST/STM32CubeIDE_1.14.0/STM32CubeIDE/plugins/com.st.stm32cube.ide.mcu.externaltools.gnu-tools-for-stm32.11.3.rel1.win32_1.1.100.202309141235/tools/bin/../lib/gcc/arm-none-eabi/11.3.1/../../../../arm-none-eabi/lib/thumb/v7-m/nofp\libc_nano.a
LOAD C:/ST/STM32CubeIDE_1.14.0/STM32CubeIDE/plugins/com.st.stm32cube.ide.mcu.externaltools.gnu-tools-for-stm32.11.3.rel1.win32_1.1.100.202309141235/tools/bin/../lib/gcc/arm-none-eabi/11.3.1/../../../../arm-none-eabi/lib/thumb/v7-m/nofp\libm.a
END GROUP
START GROUP
LOAD C:/ST/STM32CubeIDE_1.14.0/STM32CubeIDE/plugins/com.st.stm32cube.ide.mcu.externaltools.gnu-tools-for-stm32.11.3.rel1.win32_1.1.100.202309141235/tools/bin/../lib/gcc/arm-none-eabi/11.3.1/thumb/v7-m/nofp\libgcc.a
LOAD C:/ST/STM32CubeIDE_1.14.0/STM32CubeIDE/plugins/com.st.stm32cube.ide.mcu.externaltools.gnu-tools-for-stm32.11.3.rel1.win32_1.1.100.202309141235/tools/bin/../lib/gcc/arm-none-eabi/11.3.1/../../../../arm-none-eabi/lib/thumb/v7-m/nofp\libc_nano.a
END GROUP
START GROUP
LOAD C:/ST/STM32CubeIDE_1.14.0/STM32CubeIDE/plugins/com.st.stm32cube.ide.mcu.externaltools.gnu-tools-for-stm32.11.3.rel1.win32_1.1.100.202309141235/tools/bin/../lib/gcc/arm-none-eabi/11.3.1/thumb/v7-m/nofp\libgcc.a
LOAD C:/ST/STM32CubeIDE_1.14.0/STM32CubeIDE/plugins/com.st.stm32cube.ide.mcu.externaltools.gnu-tools-for-stm32.11.3.rel1.win32_1.1.100.202309141235/tools/bin/../lib/gcc/arm-none-eabi/11.3.1/../../../../arm-none-eabi/lib/thumb/v7-m/nofp\libc_nano.a
LOAD C:/ST/STM32CubeIDE_1.14.0/STM32CubeIDE/plugins/com.st.stm32cube.ide.mcu.externaltools.gnu-tools-for-stm32.11.3.rel1.win32_1.1.100.202309141235/tools/bin/../lib/gcc/arm-none-eabi/11.3.1/../../../../arm-none-eabi/lib/thumb/v7-m/nofp\libnosys.a
END GROUP
START GROUP
LOAD C:/ST/STM32CubeIDE_1.14.0/STM32CubeIDE/plugins/com.st.stm32cube.ide.mcu.externaltools.gnu-tools-for-stm32.11.3.rel1.win32_1.1.100.202309141235/tools/bin/../lib/gcc/arm-none-eabi/11.3.1/thumb/v7-m/nofp\libgcc.a
LOAD C:/ST/STM32CubeIDE_1.14.0/STM32CubeIDE/plugins/com.st.stm32cube.ide.mcu.externaltools.gnu-tools-for-stm32.11.3.rel1.win32_1.1.100.202309141235/tools/bin/../lib/gcc/arm-none-eabi/11.3.1/../../../../arm-none-eabi/lib/thumb/v7-m/nofp\libc_nano.a
LOAD C:/ST/STM32CubeIDE_1.14.0/STM32CubeIDE/plugins/com.st.stm32cube.ide.mcu.externaltools.gnu-tools-for-stm32.11.3.rel1.win32_1.1.100.202309141235/tools/bin/../lib/gcc/arm-none-eabi/11.3.1/../../../../arm-none-eabi/lib/thumb/v7-m/nofp\libnosys.a
END GROUP
LOAD C:/ST/STM32CubeIDE_1.14.0/STM32CubeIDE/plugins/com.st.stm32cube.ide.mcu.externaltools.gnu-tools-for-stm32.11.3.rel1.win32_1.1.100.202309141235/tools/bin/../lib/gcc/arm-none-eabi/11.3.1/thumb/v7-m/nofp/crtend.o
LOAD C:/ST/STM32CubeIDE_1.14.0/STM32CubeIDE/plugins/com.st.stm32cube.ide.mcu.externaltools.gnu-tools-for-stm32.11.3.rel1.win32_1.1.100.202309141235/tools/bin/../lib/gcc/arm-none-eabi/11.3.1/thumb/v7-m/nofp/crtn.o
                0x0000000020005000                _estack = (ORIGIN (RAM) + LENGTH (RAM))
                0x0000000000000200                _Min_Heap_Size = 0x200
                0x0000000000000400                _Min_Stack_Size = 0x400

.isr_vector     0x0000000008000000      0x130
                0x0000000008000000                . = ALIGN (0x4)
 *(.isr_vector)
 .isr_vector    0x0000000008000000      0x130 ./Startup/startup_stm32f103c8tx.o
                0x0000000008000000                g_pfnVectors
                0x0000000008000130                . = ALIGN (0x4)

.text           0x0000000008000130      0x428
                0x0000000008000130                . = ALIGN (0x4)
 *(.text)
 .text          0x0000000008000130       0x40 C:/ST/STM32CubeIDE_1.14.0/STM32CubeIDE/plugins/com.st.stm32cube.ide.mcu.externaltools.gnu-tools-for-stm32.11.3.rel1.win32_1.1.100.202309141235/tools/bin/../lib/gcc/arm-none-eabi/11.3.1/thumb/v7-m/nofp/crtbegin.o
 *(.text*)
 .text.GPIO_u8GetPinValue
                0x0000000008000170       0x80 ./Src/02-MCAL/02-GPIO/GPIO_program.o
                0x0000000008000170                GPIO_u8GetPinValue
 .text.EXTI0_IRQHandler
                0x00000000080001f0       0x24 ./Src/02-MCAL/04-EXTI/EXTI_program.o
                0x00000000080001f0                EXTI0_IRQHandler
 .text.EXTI1_IRQHandler
                0x0000000008000214       0x24 ./Src/02-MCAL/04-EXTI/EXTI_program.o
                0x0000000008000214                EXTI1_IRQHandler
 .text.EXTI2_IRQHandler
                0x0000000008000238       0x24 ./Src/02-MCAL/04-EXTI/EXTI_program.o
                0x0000000008000238                EXTI2_IRQHandler
 .text.EXTI3_IRQHandler
                0x000000000800025c       0x24 ./Src/02-MCAL/04-EXTI/EXTI_program.o
                0x000000000800025c                EXTI3_IRQHandler
 .text.EXTI4_IRQHandler
                0x0000000008000280       0x24 ./Src/02-MCAL/04-EXTI/EXTI_program.o
                0x0000000008000280                EXTI4_IRQHandler
 .text.EXTI9_5_IRQHandler
                0x00000000080002a4       0x60 ./Src/02-MCAL/04-EXTI/EXTI_program.o
                0x00000000080002a4                EXTI9_5_IRQHandler
 .text.EXTI15_10_IRQHandler
                0x0000000008000304       0x60 ./Src/02-MCAL/04-EXTI/EXTI_program.o
                0x0000000008000304                EXTI15_10_IRQHandler
 .text.STK_voidStopInterval
                0x0000000008000364       0x34 ./Src/02-MCAL/06-STK/STK_program.o
                0x0000000008000364                STK_voidStopInterval
 .text.SysTick_Handler
                0x0000000008000398       0x3c ./Src/02-MCAL/06-STK/STK_program.o
                0x0000000008000398                SysTick_Handler
 .text.main     0x00000000080003d4       0xd0 ./Src/main.o
                0x00000000080003d4                main
 .text.Reset_Handler
                0x00000000080004a4       0x50 ./Startup/startup_stm32f103c8tx.o
                0x00000000080004a4                Reset_Handler
 .text.Default_Handler
                0x00000000080004f4        0x2 ./Startup/startup_stm32f103c8tx.o
                0x00000000080004f4                TIM8_TRG_COM_IRQHandler
                0x00000000080004f4                TIM8_CC_IRQHandler
                0x00000000080004f4                DebugMon_Handler
                0x00000000080004f4                TIM1_CC_IRQHandler
                0x00000000080004f4                HardFault_Handler
                0x00000000080004f4                TIM6_IRQHandler
                0x00000000080004f4                PVD_IRQHandler
                0x00000000080004f4                SDIO_IRQHandler
                0x00000000080004f4                PendSV_Handler
                0x00000000080004f4                NMI_Handler
                0x00000000080004f4                USB_HP_CAN_TX_IRQHandler
                0x00000000080004f4                I2C2_EV_IRQHandler
                0x00000000080004f4                UsageFault_Handler
                0x00000000080004f4                ADC1_2_IRQHandler
                0x00000000080004f4                SPI1_IRQHandler
                0x00000000080004f4                CAN_SCE_IRQHandler
                0x00000000080004f4                TAMPER_IRQHandler
                0x00000000080004f4                TIM8_UP_IRQHandler
                0x00000000080004f4                DMA2_Channel2_IRQHandler
                0x00000000080004f4                DMA1_Channel4_IRQHandler
                0x00000000080004f4                USART3_IRQHandler
                0x00000000080004f4                RTC_IRQHandler
                0x00000000080004f4                DMA1_Channel7_IRQHandler
                0x00000000080004f4                UART5_IRQHandler
                0x00000000080004f4                ADC3_IRQHandler
                0x00000000080004f4                TIM4_IRQHandler
                0x00000000080004f4                CAN_RX1_IRQHandler
                0x00000000080004f4                DMA2_Channel1_IRQHandler
                0x00000000080004f4                I2C1_EV_IRQHandler
                0x00000000080004f4                DMA1_Channel6_IRQHandler
                0x00000000080004f4                UART4_IRQHandler
                0x00000000080004f4                TIM3_IRQHandler
                0x00000000080004f4                RCC_IRQHandler
                0x00000000080004f4                TIM1_TRG_COM_IRQHandler
                0x00000000080004f4                DMA1_Channel1_IRQHandler
                0x00000000080004f4                Default_Handler
                0x00000000080004f4                TIM7_IRQHandler
                0x00000000080004f4                TIM5_IRQHandler
                0x00000000080004f4                SPI2_IRQHandler
                0x00000000080004f4                USB_LP_CAN_RX0_IRQHandler
                0x00000000080004f4                MemManage_Handler
                0x00000000080004f4                SVC_Handler
                0x00000000080004f4                DMA1_Channel5_IRQHandler
                0x00000000080004f4                DMA1_Channel3_IRQHandler
                0x00000000080004f4                FSMC_IRQHandler
                0x00000000080004f4                TIM1_UP_IRQHandler
                0x00000000080004f4                WWDG_IRQHandler
                0x00000000080004f4                TIM2_IRQHandler
                0x00000000080004f4                TIM1_BRK_IRQHandler
                0x00000000080004f4                RTCAlarm_IRQHandler
                0x00000000080004f4                DMA2_Channel4_5_IRQHandler
                0x00000000080004f4                USART2_IRQHandler
                0x00000000080004f4                I2C2_ER_IRQHandler
                0x00000000080004f4                DMA1_Channel2_IRQHandler
                0x00000000080004f4                TIM8_BRK_IRQHandler
                0x00000000080004f4                FLASH_IRQHandler
                0x00000000080004f4                BusFault_Handler
                0x00000000080004f4                USART1_IRQHandler
                0x00000000080004f4                SPI3_IRQHandler
                0x00000000080004f4                I2C1_ER_IRQHandler
                0x00000000080004f4                DMA2_Channel3_IRQHandler
 *fill*         0x00000000080004f6        0x2 
 .text.__libc_init_array
                0x00000000080004f8       0x48 C:/ST/STM32CubeIDE_1.14.0/STM32CubeIDE/plugins/com.st.stm32cube.ide.mcu.externaltools.gnu-tools-for-stm32.11.3.rel1.win32_1.1.100.202309141235/tools/bin/../lib/gcc/arm-none-eabi/11.3.1/../../../../arm-none-eabi/lib/thumb/v7-m/nofp\libc_nano.a(libc_a-init.o)
                0x00000000080004f8                __libc_init_array
 *(.glue_7)
 .glue_7        0x0000000008000540        0x0 linker stubs
 *(.glue_7t)
 .glue_7t       0x0000000008000540        0x0 linker stubs
 *(.eh_frame)
 .eh_frame      0x0000000008000540        0x0 C:/ST/STM32CubeIDE_1.14.0/STM32CubeIDE/plugins/com.st.stm32cube.ide.mcu.externaltools.gnu-tools-for-stm32.11.3.rel1.win32_1.1.100.202309141235/tools/bin/../lib/gcc/arm-none-eabi/11.3.1/thumb/v7-m/nofp/crtbegin.o
 *(.init)
 .init          0x0000000008000540        0x4 C:/ST/STM32CubeIDE_1.14.0/STM32CubeIDE/plugins/com.st.stm32cube.ide.mcu.externaltools.gnu-tools-for-stm32.11.3.rel1.win32_1.1.100.202309141235/tools/bin/../lib/gcc/arm-none-eabi/11.3.1/thumb/v7-m/nofp/crti.o
                0x0000000008000540                _init
 .init          0x0000000008000544        0x8 C:/ST/STM32CubeIDE_1.14.0/STM32CubeIDE/plugins/com.st.stm32cube.ide.mcu.externaltools.gnu-tools-for-stm32.11.3.rel1.win32_1.1.100.202309141235/tools/bin/../lib/gcc/arm-none-eabi/11.3.1/thumb/v7-m/nofp/crtn.o
 *(.fini)
 .fini          0x000000000800054c        0x4 C:/ST/STM32CubeIDE_1.14.0/STM32CubeIDE/plugins/com.st.stm32cube.ide.mcu.externaltools.gnu-tools-for-stm32.11.3.rel1.win32_1.1.100.202309141235/tools/bin/../lib/gcc/arm-none-eabi/11.3.1/thumb/v7-m/nofp/crti.o
                0x000000000800054c                _fini
 .fini          0x0000000008000550        0x8 C:/ST/STM32CubeIDE_1.14.0/STM32CubeIDE/plugins/com.st.stm32cube.ide.mcu.externaltools.gnu-tools-for-stm32.11.3.rel1.win32_1.1.100.202309141235/tools/bin/../lib/gcc/arm-none-eabi/11.3.1/thumb/v7-m/nofp/crtn.o
                0x0000000008000558                . = ALIGN (0x4)
                0x0000000008000558                _etext = .

.vfp11_veneer   0x0000000008000558        0x0
 .vfp11_veneer  0x0000000008000558        0x0 linker stubs

.v4_bx          0x0000000008000558        0x0
 .v4_bx         0x0000000008000558        0x0 linker stubs

.iplt           0x0000000008000558        0x0
 .iplt          0x0000000008000558        0x0 C:/ST/STM32CubeIDE_1.14.0/STM32CubeIDE/plugins/com.st.stm32cube.ide.mcu.externaltools.gnu-tools-for-stm32.11.3.rel1.win32_1.1.100.202309141235/tools/bin/../lib/gcc/arm-none-eabi/11.3.1/thumb/v7-m/nofp/crtbegin.o

.rel.dyn        0x0000000008000558        0x0
 .rel.iplt      0x0000000008000558        0x0 C:/ST/STM32CubeIDE_1.14.0/STM32CubeIDE/plugins/com.st.stm32cube.ide.mcu.externaltools.gnu-tools-for-stm32.11.3.rel1.win32_1.1.100.202309141235/tools/bin/../lib/gcc/arm-none-eabi/11.3.1/thumb/v7-m/nofp/crtbegin.o

.rodata         0x0000000008000558        0x0
                0x0000000008000558                . = ALIGN (0x4)
 *(.rodata)
 *(.rodata*)
                0x0000000008000558                . = ALIGN (0x4)

.ARM.extab      0x0000000008000558        0x0
                0x0000000008000558                . = ALIGN (0x4)
 *(.ARM.extab* .gnu.linkonce.armextab.*)
                0x0000000008000558                . = ALIGN (0x4)

.ARM            0x0000000008000558        0x0
                0x0000000008000558                . = ALIGN (0x4)
                0x0000000008000558                __exidx_start = .
 *(.ARM.exidx*)
                0x0000000008000558                __exidx_end = .
                0x0000000008000558                . = ALIGN (0x4)

.preinit_array  0x0000000008000558        0x0
                0x0000000008000558                . = ALIGN (0x4)
                0x0000000008000558                PROVIDE (__preinit_array_start = .)
 *(.preinit_array*)
                0x0000000008000558                PROVIDE (__preinit_array_end = .)
                0x0000000008000558                . = ALIGN (0x4)

.init_array     0x0000000008000558        0x4
                0x0000000008000558                . = ALIGN (0x4)
                0x0000000008000558                PROVIDE (__init_array_start = .)
 *(SORT_BY_NAME(.init_array.*))
 *(.init_array*)
 .init_array    0x0000000008000558        0x4 C:/ST/STM32CubeIDE_1.14.0/STM32CubeIDE/plugins/com.st.stm32cube.ide.mcu.externaltools.gnu-tools-for-stm32.11.3.rel1.win32_1.1.100.202309141235/tools/bin/../lib/gcc/arm-none-eabi/11.3.1/thumb/v7-m/nofp/crtbegin.o
                0x000000000800055c                PROVIDE (__init_array_end = .)
                0x000000000800055c                . = ALIGN (0x4)

.fini_array     0x000000000800055c        0x4
                0x000000000800055c                . = ALIGN (0x4)
                [!provide]                        PROVIDE (__fini_array_start = .)
 *(SORT_BY_NAME(.fini_array.*))
 *(.fini_array*)
 .fini_array    0x000000000800055c        0x4 C:/ST/STM32CubeIDE_1.14.0/STM32CubeIDE/plugins/com.st.stm32cube.ide.mcu.externaltools.gnu-tools-for-stm32.11.3.rel1.win32_1.1.100.202309141235/tools/bin/../lib/gcc/arm-none-eabi/11.3.1/thumb/v7-m/nofp/crtbegin.o
                [!provide]                        PROVIDE (__fini_array_end = .)
                0x0000000008000560                . = ALIGN (0x4)
                0x0000000008000560                _sidata = LOADADDR (.data)

.data           0x0000000020000000        0x0 load address 0x0000000008000560
                0x0000000020000000                . = ALIGN (0x4)
                0x0000000020000000                _sdata = .
 *(.data)
 *(.data*)
 *(.RamFunc)
 *(.RamFunc*)
                0x0000000020000000                . = ALIGN (0x4)
                0x0000000020000000                _edata = .

.igot.plt       0x0000000020000000        0x0 load address 0x0000000008000560
 .igot.plt      0x0000000020000000        0x0 C:/ST/STM32CubeIDE_1.14.0/STM32CubeIDE/plugins/com.st.stm32cube.ide.mcu.externaltools.gnu-tools-for-stm32.11.3.rel1.win32_1.1.100.202309141235/tools/bin/../lib/gcc/arm-none-eabi/11.3.1/thumb/v7-m/nofp/crtbegin.o
                0x0000000020000000                . = ALIGN (0x4)

.bss            0x0000000020000000       0x6c load address 0x0000000008000560
                0x0000000020000000                _sbss = .
                0x0000000020000000                __bss_start__ = _sbss
 *(.bss)
 .bss           0x0000000020000000       0x1c C:/ST/STM32CubeIDE_1.14.0/STM32CubeIDE/plugins/com.st.stm32cube.ide.mcu.externaltools.gnu-tools-for-stm32.11.3.rel1.win32_1.1.100.202309141235/tools/bin/../lib/gcc/arm-none-eabi/11.3.1/thumb/v7-m/nofp/crtbegin.o
 *(.bss*)
 .bss.EXTI_CallBack
                0x000000002000001c       0x40 ./Src/02-MCAL/04-EXTI/EXTI_program.o
 .bss.STK_CallBack
                0x000000002000005c        0x4 ./Src/02-MCAL/06-STK/STK_program.o
 .bss.STk_u8ModeOfInterval
                0x0000000020000060        0x1 ./Src/02-MCAL/06-STK/STK_program.o
 .bss.switch_right_up_close
                0x0000000020000061        0x1 ./Src/main.o
                0x0000000020000061                switch_right_up_close
 .bss.switch_left_up_close
                0x0000000020000062        0x1 ./Src/main.o
                0x0000000020000062                switch_left_up_close
 .bss.switch_right_down_close
                0x0000000020000063        0x1 ./Src/main.o
                0x0000000020000063                switch_right_down_close
 .bss.switch_left_down_close
                0x0000000020000064        0x1 ./Src/main.o
                0x0000000020000064                switch_left_down_close
 .bss.switch_right_up_open
                0x0000000020000065        0x1 ./Src/main.o
                0x0000000020000065                switch_right_up_open
 .bss.switch_left_up_open
                0x0000000020000066        0x1 ./Src/main.o
                0x0000000020000066                switch_left_up_open
 .bss.switch_right_down_open
                0x0000000020000067        0x1 ./Src/main.o
                0x0000000020000067                switch_right_down_open
 .bss.switch_left_down_open
                0x0000000020000068        0x1 ./Src/main.o
                0x0000000020000068                switch_left_down_open
 .bss.switch_move_up_open
                0x0000000020000069        0x1 ./Src/main.o
                0x0000000020000069                switch_move_up_open
 .bss.switch_move_down_close
                0x000000002000006a        0x1 ./Src/main.o
                0x000000002000006a                switch_move_down_close
 *(COMMON)
                0x000000002000006c                . = ALIGN (0x4)
 *fill*         0x000000002000006b        0x1 
                0x000000002000006c                _ebss = .
                0x000000002000006c                __bss_end__ = _ebss

._user_heap_stack
                0x000000002000006c      0x604 load address 0x0000000008000560
                0x0000000020000070                . = ALIGN (0x8)
 *fill*         0x000000002000006c        0x4 
                [!provide]                        PROVIDE (end = .)
                0x0000000020000070                PROVIDE (_end = .)
                0x0000000020000270                . = (. + _Min_Heap_Size)
 *fill*         0x0000000020000070      0x200 
                0x0000000020000670                . = (. + _Min_Stack_Size)
 *fill*         0x0000000020000270      0x400 
                0x0000000020000670                . = ALIGN (0x8)

/DISCARD/
 libc.a(*)
 libm.a(*)
 libgcc.a(*)

.ARM.attributes
                0x0000000000000000       0x29
 *(.ARM.attributes)
 .ARM.attributes
                0x0000000000000000       0x1d C:/ST/STM32CubeIDE_1.14.0/STM32CubeIDE/plugins/com.st.stm32cube.ide.mcu.externaltools.gnu-tools-for-stm32.11.3.rel1.win32_1.1.100.202309141235/tools/bin/../lib/gcc/arm-none-eabi/11.3.1/thumb/v7-m/nofp/crti.o
 .ARM.attributes
                0x000000000000001d       0x2d C:/ST/STM32CubeIDE_1.14.0/STM32CubeIDE/plugins/com.st.stm32cube.ide.mcu.externaltools.gnu-tools-for-stm32.11.3.rel1.win32_1.1.100.202309141235/tools/bin/../lib/gcc/arm-none-eabi/11.3.1/thumb/v7-m/nofp/crtbegin.o
 .ARM.attributes
                0x000000000000004a       0x2d ./Src/02-MCAL/02-GPIO/GPIO_program.o
 .ARM.attributes
                0x0000000000000077       0x2d ./Src/02-MCAL/04-EXTI/EXTI_program.o
 .ARM.attributes
                0x00000000000000a4       0x2d ./Src/02-MCAL/06-STK/STK_program.o
 .ARM.attributes
                0x00000000000000d1       0x2d ./Src/main.o
 .ARM.attributes
                0x00000000000000fe       0x21 ./Startup/startup_stm32f103c8tx.o
 .ARM.attributes
                0x000000000000011f       0x2d C:/ST/STM32CubeIDE_1.14.0/STM32CubeIDE/plugins/com.st.stm32cube.ide.mcu.externaltools.gnu-tools-for-stm32.11.3.rel1.win32_1.1.100.202309141235/tools/bin/../lib/gcc/arm-none-eabi/11.3.1/../../../../arm-none-eabi/lib/thumb/v7-m/nofp\libc_nano.a(libc_a-init.o)
 .ARM.attributes
                0x000000000000014c       0x1d C:/ST/STM32CubeIDE_1.14.0/STM32CubeIDE/plugins/com.st.stm32cube.ide.mcu.externaltools.gnu-tools-for-stm32.11.3.rel1.win32_1.1.100.202309141235/tools/bin/../lib/gcc/arm-none-eabi/11.3.1/thumb/v7-m/nofp/crtn.o
OUTPUT(test.elf elf32-littlearm)
LOAD linker stubs
LOAD C:/ST/STM32CubeIDE_1.14.0/STM32CubeIDE/plugins/com.st.stm32cube.ide.mcu.externaltools.gnu-tools-for-stm32.11.3.rel1.win32_1.1.100.202309141235/tools/bin/../lib/gcc/arm-none-eabi/11.3.1/../../../../arm-none-eabi/lib/thumb/v7-m/nofp\libc.a
LOAD C:/ST/STM32CubeIDE_1.14.0/STM32CubeIDE/plugins/com.st.stm32cube.ide.mcu.externaltools.gnu-tools-for-stm32.11.3.rel1.win32_1.1.100.202309141235/tools/bin/../lib/gcc/arm-none-eabi/11.3.1/../../../../arm-none-eabi/lib/thumb/v7-m/nofp\libm.a
LOAD C:/ST/STM32CubeIDE_1.14.0/STM32CubeIDE/plugins/com.st.stm32cube.ide.mcu.externaltools.gnu-tools-for-stm32.11.3.rel1.win32_1.1.100.202309141235/tools/bin/../lib/gcc/arm-none-eabi/11.3.1/thumb/v7-m/nofp\libgcc.a

.comment        0x0000000000000000       0x43
 .comment       0x0000000000000000       0x43 C:/ST/STM32CubeIDE_1.14.0/STM32CubeIDE/plugins/com.st.stm32cube.ide.mcu.externaltools.gnu-tools-for-stm32.11.3.rel1.win32_1.1.100.202309141235/tools/bin/../lib/gcc/arm-none-eabi/11.3.1/thumb/v7-m/nofp/crtbegin.o
                                         0x44 (size before relaxing)
 .comment       0x0000000000000043       0x44 ./Src/02-MCAL/02-GPIO/GPIO_program.o
 .comment       0x0000000000000043       0x44 ./Src/02-MCAL/04-EXTI/EXTI_program.o
 .comment       0x0000000000000043       0x44 ./Src/02-MCAL/06-STK/STK_program.o
 .comment       0x0000000000000043       0x44 ./Src/main.o

.debug_info     0x0000000000000000      0x9e8
 .debug_info    0x0000000000000000      0x223 ./Src/02-MCAL/02-GPIO/GPIO_program.o
 .debug_info    0x0000000000000223      0x2a4 ./Src/02-MCAL/04-EXTI/EXTI_program.o
 .debug_info    0x00000000000004c7      0x34d ./Src/02-MCAL/06-STK/STK_program.o
 .debug_info    0x0000000000000814      0x1b1 ./Src/main.o
 .debug_info    0x00000000000009c5       0x23 ./Startup/startup_stm32f103c8tx.o

.debug_abbrev   0x0000000000000000      0x488
 .debug_abbrev  0x0000000000000000       0xe2 ./Src/02-MCAL/02-GPIO/GPIO_program.o
 .debug_abbrev  0x00000000000000e2      0x13a ./Src/02-MCAL/04-EXTI/EXTI_program.o
 .debug_abbrev  0x000000000000021c      0x1b1 ./Src/02-MCAL/06-STK/STK_program.o
 .debug_abbrev  0x00000000000003cd       0xa9 ./Src/main.o
 .debug_abbrev  0x0000000000000476       0x12 ./Startup/startup_stm32f103c8tx.o

.debug_aranges  0x0000000000000000      0x198
 .debug_aranges
                0x0000000000000000       0x40 ./Src/02-MCAL/02-GPIO/GPIO_program.o
 .debug_aranges
                0x0000000000000040       0x78 ./Src/02-MCAL/04-EXTI/EXTI_program.o
 .debug_aranges
                0x00000000000000b8       0x98 ./Src/02-MCAL/06-STK/STK_program.o
 .debug_aranges
                0x0000000000000150       0x20 ./Src/main.o
 .debug_aranges
                0x0000000000000170       0x28 ./Startup/startup_stm32f103c8tx.o

.debug_rnglists
                0x0000000000000000      0x120
 .debug_rnglists
                0x0000000000000000       0x30 ./Src/02-MCAL/02-GPIO/GPIO_program.o
 .debug_rnglists
                0x0000000000000030       0x56 ./Src/02-MCAL/04-EXTI/EXTI_program.o
 .debug_rnglists
                0x0000000000000086       0x6d ./Src/02-MCAL/06-STK/STK_program.o
 .debug_rnglists
                0x00000000000000f3       0x14 ./Src/main.o
 .debug_rnglists
                0x0000000000000107       0x19 ./Startup/startup_stm32f103c8tx.o

.debug_macro    0x0000000000000000     0x13cc
 .debug_macro   0x0000000000000000       0x3f ./Src/02-MCAL/02-GPIO/GPIO_program.o
 .debug_macro   0x000000000000003f       0xe2 ./Src/02-MCAL/02-GPIO/GPIO_program.o
 .debug_macro   0x0000000000000121       0x2e ./Src/02-MCAL/02-GPIO/GPIO_program.o
 .debug_macro   0x000000000000014f       0x3f ./Src/02-MCAL/04-EXTI/EXTI_program.o
 .debug_macro   0x000000000000018e       0x7c ./Src/02-MCAL/04-EXTI/EXTI_program.o
 .debug_macro   0x000000000000020a       0x16 ./Src/02-MCAL/04-EXTI/EXTI_program.o
 .debug_macro   0x0000000000000220       0x3e ./Src/02-MCAL/06-STK/STK_program.o
 .debug_macro   0x000000000000025e       0x22 ./Src/02-MCAL/06-STK/STK_program.o
 .debug_macro   0x0000000000000280       0x10 ./Src/02-MCAL/06-STK/STK_program.o
 .debug_macro   0x0000000000000290       0x16 ./Src/02-MCAL/06-STK/STK_program.o
 .debug_macro   0x00000000000002a6      0x1a7 ./Src/main.o
 .debug_macro   0x000000000000044d       0x22 ./Src/main.o
 .debug_macro   0x000000000000046f       0x8e ./Src/main.o
 .debug_macro   0x00000000000004fd       0x51 ./Src/main.o
 .debug_macro   0x000000000000054e      0x103 ./Src/main.o
 .debug_macro   0x0000000000000651       0x6a ./Src/main.o
 .debug_macro   0x00000000000006bb      0x1df ./Src/main.o
 .debug_macro   0x000000000000089a       0x61 ./Src/main.o
 .debug_macro   0x00000000000008fb       0x24 ./Src/main.o
 .debug_macro   0x000000000000091f       0x43 ./Src/main.o
 .debug_macro   0x0000000000000962       0x34 ./Src/main.o
 .debug_macro   0x0000000000000996       0x16 ./Src/main.o
 .debug_macro   0x00000000000009ac       0x97 ./Src/main.o
 .debug_macro   0x0000000000000a43      0x369 ./Src/main.o
 .debug_macro   0x0000000000000dac       0xfd ./Src/main.o
 .debug_macro   0x0000000000000ea9       0x10 ./Src/main.o
 .debug_macro   0x0000000000000eb9       0x16 ./Src/main.o
 .debug_macro   0x0000000000000ecf       0x43 ./Src/main.o
 .debug_macro   0x0000000000000f12       0x34 ./Src/main.o
 .debug_macro   0x0000000000000f46       0x10 ./Src/main.o
 .debug_macro   0x0000000000000f56       0x58 ./Src/main.o
 .debug_macro   0x0000000000000fae       0x8e ./Src/main.o
 .debug_macro   0x000000000000103c       0x1c ./Src/main.o
 .debug_macro   0x0000000000001058      0x177 ./Src/main.o
 .debug_macro   0x00000000000011cf       0x16 ./Src/main.o
 .debug_macro   0x00000000000011e5       0x16 ./Src/main.o
 .debug_macro   0x00000000000011fb      0x147 ./Src/main.o
 .debug_macro   0x0000000000001342       0x16 ./Src/main.o
 .debug_macro   0x0000000000001358       0x35 ./Src/main.o
 .debug_macro   0x000000000000138d       0x16 ./Src/main.o
 .debug_macro   0x00000000000013a3       0x29 ./Src/main.o

.debug_line     0x0000000000000000     0x1033
 .debug_line    0x0000000000000000      0x33e ./Src/02-MCAL/02-GPIO/GPIO_program.o
 .debug_line    0x000000000000033e      0x2ad ./Src/02-MCAL/04-EXTI/EXTI_program.o
 .debug_line    0x00000000000005eb      0x302 ./Src/02-MCAL/06-STK/STK_program.o
 .debug_line    0x00000000000008ed      0x6cb ./Src/main.o
 .debug_line    0x0000000000000fb8       0x7b ./Startup/startup_stm32f103c8tx.o

.debug_str      0x0000000000000000     0x86ff
 .debug_str     0x0000000000000000     0x32f3 ./Src/02-MCAL/02-GPIO/GPIO_program.o
                                       0x3377 (size before relaxing)
 .debug_str     0x00000000000032f3      0x2eb ./Src/02-MCAL/04-EXTI/EXTI_program.o
                                       0x320c (size before relaxing)
 .debug_str     0x00000000000035de      0x2f4 ./Src/02-MCAL/06-STK/STK_program.o
                                       0x3216 (size before relaxing)
 .debug_str     0x00000000000038d2     0x4dfe ./Src/main.o
                                       0x80d3 (size before relaxing)
 .debug_str     0x00000000000086d0       0x2f ./Startup/startup_stm32f103c8tx.o
                                         0x54 (size before relaxing)

.debug_frame    0x0000000000000000      0x524
 .debug_frame   0x0000000000000000       0xd8 ./Src/02-MCAL/02-GPIO/GPIO_program.o
 .debug_frame   0x00000000000000d8      0x1ac ./Src/02-MCAL/04-EXTI/EXTI_program.o
 .debug_frame   0x0000000000000284      0x248 ./Src/02-MCAL/06-STK/STK_program.o
 .debug_frame   0x00000000000004cc       0x2c ./Src/main.o
 .debug_frame   0x00000000000004f8       0x2c C:/ST/STM32CubeIDE_1.14.0/STM32CubeIDE/plugins/com.st.stm32cube.ide.mcu.externaltools.gnu-tools-for-stm32.11.3.rel1.win32_1.1.100.202309141235/tools/bin/../lib/gcc/arm-none-eabi/11.3.1/../../../../arm-none-eabi/lib/thumb/v7-m/nofp\libc_nano.a(libc_a-init.o)

.debug_line_str
                0x0000000000000000       0x48
 .debug_line_str
                0x0000000000000000       0x48 ./Startup/startup_stm32f103c8tx.o
                                         0x60 (size before relaxing)
