../Src/02-MCAL/06-STK/STK_program.c:31:6:STK_voidInit	4	static
../Src/02-MCAL/06-STK/STK_program.c:57:6:STK_voidSetBusyWait	16	static
../Src/02-MCAL/06-STK/STK_program.c:90:7:STK_voidSetIntervalSingle	16	static
../Src/02-MCAL/06-STK/STK_program.c:124:7:STK_voidSetIntervalPeriodic	16	static
../Src/02-MCAL/06-STK/STK_program.c:145:6:STK_voidStopInterval	4	static
../Src/02-MCAL/06-STK/STK_program.c:158:8:STK_u32GetElapedTime	16	static
../Src/02-MCAL/06-STK/STK_program.c:170:8:STK_u32GetRemainingTime	16	static
../Src/02-MCAL/06-STK/STK_program.c:182:6:SysTick_Handler	16	static
../Src/02-MCAL/06-STK/STK_program.c:212:6:STK_voidDelay_ms	16	static
../Src/02-MCAL/06-STK/STK_program.c:234:6:STK_voidStartTimer	16	static
../Src/02-MCAL/06-STK/STK_program.c:246:6:overflow_micros	16	static
../Src/02-MCAL/06-STK/STK_program.c:252:6:STK_voidStartMicros	8	static
../Src/02-MCAL/06-STK/STK_program.c:257:8:Micros	24	static
../Src/02-MCAL/06-STK/STK_program.c:264:6:overflow_millis	16	static
../Src/02-MCAL/06-STK/STK_program.c:271:6:STK_voidStartMillis	8	static
../Src/02-MCAL/06-STK/STK_program.c:277:8:Millis	24	static
