../Src/02-MCAL/08-CAN/CAN_program.c:33:6:CAN_voidInit	8	static
../Src/02-MCAL/08-CAN/CAN_program.c:112:6:CAN_voidAddTxMsg	24	static
../Src/02-MCAL/08-CAN/CAN_program.c:169:6:CAN_voidStart	4	static
../Src/02-MCAL/08-CAN/CAN_program.c:178:6:CAN_voidGetRxMsg	32	static
../Src/02-MCAL/08-CAN/CAN_program.c:236:7:CAN_voidRXPending	16	static
../Src/02-MCAL/08-CAN/CAN_program.c:252:6:CAN_voidConfigFilter	24	static
../Src/02-MCAL/08-CAN/CAN_program.c:341:8:CAN_voidGetErrorCode	4	static
../Src/02-MCAL/08-CAN/CAN_program.c:360:6:CAN_voidInitInterput	16	static
../Src/02-MCAL/08-CAN/CAN_program.c:366:6:CAN_voidDeiniterputInit	16	static
../Src/02-MCAL/08-CAN/CAN_program.c:372:6:CAN_voidEnableInterrupt	16	static
../Src/02-MCAL/08-CAN/CAN_program.c:377:6:CAN_voidDisableInterrupt	16	static
../Src/02-MCAL/08-CAN/CAN_program.c:390:6:CAN_voidTX_Interrupt_Handler	16	static
../Src/02-MCAL/08-CAN/CAN_program.c:459:6:CAN_voidRX_FIFO0_Interrupt_Handler	24	static
../Src/02-MCAL/08-CAN/CAN_program.c:511:6:CAN_voidRX_FIFO1_Interrupt_Handler	24	static
../Src/02-MCAL/08-CAN/CAN_program.c:564:6:CAN_voidSCE_Interrupt_Handler	24	static
../Src/02-MCAL/08-CAN/CAN_program.c:703:13:CAN_TxMailbox0CompleteCallback	4	static
../Src/02-MCAL/08-CAN/CAN_program.c:708:13:CAN_TxMailbox1CompleteCallback	4	static
../Src/02-MCAL/08-CAN/CAN_program.c:712:13:CAN_TxMailbox2CompleteCallback	4	static
../Src/02-MCAL/08-CAN/CAN_program.c:716:13:CAN_TxMailbox0AbortCallback	4	static
../Src/02-MCAL/08-CAN/CAN_program.c:720:13:CAN_TxMailbox1AbortCallback	4	static
../Src/02-MCAL/08-CAN/CAN_program.c:724:13:CAN_TxMailbox2AbortCallback	4	static
../Src/02-MCAL/08-CAN/CAN_program.c:728:13:CAN_RxFifo0MsgPendingCallback	4	static
../Src/02-MCAL/08-CAN/CAN_program.c:732:13:CAN_RxFifo0FullCallback	4	static
../Src/02-MCAL/08-CAN/CAN_program.c:736:13:CAN_RxFifo1MsgPendingCallback	4	static
../Src/02-MCAL/08-CAN/CAN_program.c:740:13:CAN_RxFifo1FullCallback	4	static
../Src/02-MCAL/08-CAN/CAN_program.c:744:13:CAN_SleepCallback	4	static
../Src/02-MCAL/08-CAN/CAN_program.c:748:13:CAN_WakeUpFromRxMsgCallback	4	static
../Src/02-MCAL/08-CAN/CAN_program.c:752:13:CAN_ErrorCallback	4	static
../Src/02-MCAL/08-CAN/CAN_program.c:762:6:USB_HP_CAN1_TX_IRQHandler	8	static
../Src/02-MCAL/08-CAN/CAN_program.c:766:6:USB_LP_CAN1_RX0_IRQHandler	8	static
../Src/02-MCAL/08-CAN/CAN_program.c:770:6:CAN1_RX1_IRQHandler	8	static
../Src/02-MCAL/08-CAN/CAN_program.c:774:6:CAN1_SCE_IRQHandler	8	static
