../Src/App.c:41:13:griper_voidOpenRightUp	8	static
../Src/App.c:47:13:griper_voidOpenLeftUp	8	static
../Src/App.c:53:13:griper_voidOpenRightDown	8	static
../Src/App.c:59:13:griper_voidOpenLeftDown	8	static
../Src/App.c:65:13:Move_voidOpenUpDown	8	static
../Src/App.c:71:13:griper_voidCloseRightUp	8	static
../Src/App.c:77:13:griper_voidCloseLeftUp	8	static
../Src/App.c:83:13:griper_voidCloseRightDown	8	static
../Src/App.c:89:13:griper_voidCloseLeftDown	8	static
../Src/App.c:94:13:Move_voidCloseUpDown	8	static
../Src/App.c:100:13:griper_voidStopRightUp	8	static
../Src/App.c:106:13:griper_voidStopLeftUp	8	static
../Src/App.c:112:13:griper_voidStopRightDown	8	static
../Src/App.c:118:13:griper_voidStopLeftDown	8	static
../Src/App.c:124:13:Move_voidStopUpDown	8	static
../Src/App.c:135:6:Robot_voidInit	8	static
../Src/App.c:175:6:Robot_voidCloseGripers	8	static
../Src/App.c:205:6:Robot_voidOpenGripers	8	static
../Src/App.c:235:6:Robot_voidMoveUp	24	static
../Src/App.c:460:6:Robot_voidMoveDown	24	static
